INFO         | Android emulator version 37.1.11.0 (build_id 15917651) (CL:N/A)
INFO         | Graphics backend: gfxstream
INFO         | Found systemPath C:\Users\DANIE\AppData\Local\Android\Sdk\system-images\android-37.2\google_apis_playstore_ps16k\x86_64\
INFO         | Guest usage of host flag 'VulkanVirtualQueue' will be ignored.
INFO         | Increasing RAM size to 4096MB
INFO         | IPv4 server found: 192.168.101.1
INFO         | Ignore IPv6 address: 5806:d952:eb01:0:b0fa:d852:eb01:0
INFO         | Ignore IPv6 address: 5806:d952:eb01:0:b0fa:d852:eb01:0
INFO         | Ignore IPv6 address: 5806:d952:eb01:0:b0fa:d852:eb01:0
INFO         | Ignore IPv6 address: 800c:d952:eb01:0:b0fa:d852:eb01:0
INFO         | Ignore IPv6 address: 800c:d952:eb01:0:b0fa:d852:eb01:0
INFO         | Ignore IPv6 address: 800c:d952:eb01:0:b0fa:d852:eb01:0
INFO         | Guest GLES Driver: Auto (ext controls)
INFO         | emuglConfig_init: vulkan_mode_selected:swiftshader gles_mode_selected:swiftshader
INFO         | Checking system compatibility:
INFO         |   Checking: hasCompatibleHypervisor
INFO         |      Ok: Hypervisor compatibility to run avd: `Medium_Phone` are met
INFO         |   Checking: hasSufficientSystem
INFO         |      Warning: Suggested minimum system RAM to run avd 'Medium_Phone' is 16384 MiB (available: 16328 MiB)
INFO         |   Checking: hasSufficientHwGpu
INFO         |      Ok: Hardware GPU compatibility checks are not required
INFO         |   Checking: hasSufficientDiskSpace
INFO         |      Ok: Disk space requirements to run avd: `Medium_Phone` are met
USER_WARNING | Suggested minimum system RAM to run avd 'Medium_Phone' is 16384 MiB (available: 16328 MiB).
INFO         | Critical: Failed to load opengl32sw (The specified module could not be found.) (:0, )
INFO         | Warning: Software OpenGL failed. Falling back to system OpenGL. (:0, )
INFO         | Storing crashdata in: C:\Users\DANIE\AppData\Local\Temp\\AndroidEmulator\emu-crash-37.1.11.db, detection is enabled for process: 6584
INFO         | Initializing gfxstream backend
INFO         | startOpenglesRendererImpl: gpu info
INFO         | GPU #1
  Make: 1002
  Model: AMD Radeon RX 6600
  Device ID: 73ff

INFO         | Vulkan 1.4 is not supported for the guest and won't be enabled
INFO         | Disabling implicit Vulkan layers to avoid compatibility issues. Set VK_LOADER_LAYERS_DISABLE manually to disable this behavior.
INFO         | initIcdPaths: ICD set to 'swiftshader', using Swiftshader ICD
INFO         | Setting ICD filenames for the loader = C:\Users\DANIE\AppData\Local\Android\Sdk\emulator\lib64\vulkan\vk_swiftshader_icd.json
INFO         | SharedLibrary::open for [C:\Users\DANIE\AppData\Local\Android\Sdk\emulator\qemu\windows-x86_64\lib64\vulkan\vulkan-1.dll]
INFO         | SharedLibrary::open for [C:\Users\DANIE\AppData\Local\Android\Sdk\emulator\lib64\vulkan\vulkan-1.dll]
INFO         | Added library: C:\Users\DANIE\AppData\Local\Android\Sdk\emulator\lib64\vulkan\vulkan-1.dll
INFO         | Selecting Vulkan device: SwiftShader Device (LLVM 10.0.0), Version: 1.2.0
INFO         | Using Vulkan externalMemoryMode: HostAllocation for VkEmulation
INFO         | Initializing VkEmulation features:
INFO         |     glInteropSupported: false
INFO         |     useDeferredCommands: true
INFO         |     createResourceWithRequirements: true
INFO         |     useVulkanComposition: false
INFO         |     useVulkanNativeSwapchain: false
INFO         |     enable guestRenderDoc: false
INFO         |     ASTC LDR emulation mode: Gpu
INFO         |     enable ETC2 emulation: true
INFO         |     enable Ycbcr emulation: false
INFO         |     guestVulkanOnly: false
INFO         |     useDedicatedAllocations: false
INFO         |     guestVulkanMaxApiVersion: 1.3.0
INFO         |     enableProtectedMemoryEmulation: false
INFO         | Graphics Adapter Vendor Google (Google Inc.)
INFO         | Graphics Adapter Android Emulator OpenGL ES Translator (Google SwiftShader)
INFO         | Graphics API Version OpenGL ES 3.0 (OpenGL ES 3.0 SwiftShader 4.0.0.1)
INFO         | Graphics API Extensions GL_OES_EGL_sync GL_OES_EGL_image GL_OES_EGL_image_external GL_OES_depth24 GL_OES_depth32 GL_OES_element_index_uint GL_OES_texture_float GL_OES_texture_float_linear GL_OES_compressed_paletted_texture GL_OES_compressed_ETC1_RGB8_texture GL_OES_depth_texture GL_OES_texture_half_float GL_OES_texture_half_float_linear GL_OES_packed_depth_stencil GL_OES_vertex_half_float GL_OES_standard_derivatives GL_OES_texture_npot GL_OES_rgb8_rgba8 GL_EXT_color_buffer_float GL_EXT_color_buffer_half_float GL_EXT_texture_format_BGRA8888 GL_APPLE_texture_format_BGRA8888 
INFO         | Graphics Device Extensions N/A
INFO         | Disabling sparse binding feature support
INFO         | Sending adb public key [QAAAAC/n1i0xQI78Ef28u+edW8q5BodL58nbpBDN7s6QJlTCk57BwK6kWQkDIrJN7Nuv6eTjGpP1GjXbpzdl8R/RhWbqItm8TbHWywIdxVPdVV8Ky6hrz2iH/HMvQoPmEbX19j+ZvJSdA28eQwfzwOVfB/a+mJQsL13OkPmbvRsrGpi8pPJ6P9QCEUDIM/Lbjq1lT0V9rQfBurZq43A3xJOujv2uX+8yOvvk74AZtJoFFtRfEsHf0Xwl8DxE7kthWjz2MD2l29Ynr+g0ta7m8e87u6VE43/VJtBIdKqQrxvk2axGj2YwliMnIT7wevnC8vPboLEzWCG/mPS6nkp0aCT1+J7fn1WzPHKeOX891TePQbaG+VZymzIRruY0lptYaoeItAwM/wrrTZdJclKTB9Hy+J0OGZLrNAQeu+wJyZAd7OPL7BxDJ4kpZWbQgAUClqHxHXmP8jfjr8FAl1lDNYhy5/87enh6lLBPcmy3URFY9hl+daEfc037BSMXmPCpnoArstfSzq03tokHefqmkQyLmhJcCKYxfZNcE5bDVg1RpUO1icwVGGwGzOBEa8FpUcQRZbTCIMEdSBm1ICG6mjQcVdGhKmCB7/Zoa5wTspg8DGSKkPGGTJS6D04XhQ2mJuG5WGTNkn7GCL5tH9FYM6BpKyftOgAvMkYA1of3LfU0iy6X3tJlLwEAAQA= @unknown]
INFO         | Userspace boot properties:
INFO         |   androidboot.boot_devices=pci0000:00/0000:00:03.0 pci0000:00/0000:00:06.0
INFO         |   androidboot.dalvik.vm.heapsize=576m
INFO         |   androidboot.debug.hwui.renderer=skiagl
INFO         |   androidboot.debug.sf.nobootanimation=1
INFO         |   androidboot.hardware=ranchu
INFO         |   androidboot.hardware.gltransport=pipe
INFO         |   androidboot.hardware.vulkan=ranchu
INFO         |   androidboot.logcat=*:V
INFO         |   androidboot.opengles.version=196608
INFO         |   androidboot.qemu=1
INFO         |   androidboot.qemu.adb.pubkey=QAAAAC/n1i0xQI78Ef28u+edW8q5BodL58nbpBDN7s6QJlTCk57BwK6kWQkDIrJN7Nuv6eTjGpP1GjXbpzdl8R/RhWbqItm8TbHWywIdxVPdVV8Ky6hrz2iH/HMvQoPmEbX19j+ZvJSdA28eQwfzwOVfB/a+mJQsL13OkPmbvRsrGpi8pPJ6P9QCEUDIM/Lbjq1lT0V9rQfBurZq43A3xJOujv2uX+8yOvvk74AZtJoFFtRfEsHf0Xwl8DxE7kthWjz2MD2l29Ynr+g0ta7m8e87u6VE43/VJtBIdKqQrxvk2axGj2YwliMnIT7wevnC8vPboLEzWCG/mPS6nkp0aCT1+J7fn1WzPHKeOX891TePQbaG+VZymzIRruY0lptYaoeItAwM/wrrTZdJclKTB9Hy+J0OGZLrNAQeu+wJyZAd7OPL7BxDJ4kpZWbQgAUClqHxHXmP8jfjr8FAl1lDNYhy5/87enh6lLBPcmy3URFY9hl+daEfc037BSMXmPCpnoArstfSzq03tokHefqmkQyLmhJcCKYxfZNcE5bDVg1RpUO1icwVGGwGzOBEa8FpUcQRZbTCIMEdSBm1ICG6mjQcVdGhKmCB7/Zoa5wTspg8DGSKkPGGTJS6D04XhQ2mJuG5WGTNkn7GCL5tH9FYM6BpKyftOgAvMkYA1of3LfU0iy6X3tJlLwEAAQA= @unknown
INFO         |   androidboot.qemu.avd_name=Medium_Phone
INFO         |   androidboot.qemu.camera_hq_edge_processing=0
INFO         |   androidboot.qemu.camera_protocol_ver=1
INFO         |   androidboot.qemu.cpuvulkan.version=4210688
INFO         |   androidboot.qemu.gltransport.drawFlushInterval=800
INFO         |   androidboot.qemu.gltransport.name=pipe
INFO         |   androidboot.qemu.hwcodec.avcdec=2
INFO         |   androidboot.qemu.hwcodec.hevcdec=2
INFO         |   androidboot.qemu.hwcodec.vpxdec=2
INFO         |   androidboot.qemu.settings.system.screen_off_timeout=2147483647
INFO         |   androidboot.qemu.skin=1080x2400
INFO         |   androidboot.qemu.virtiowifi=1
INFO         |   androidboot.qemu.vsync=60
INFO         |   androidboot.serialno=EMULATOR37X1X11X0
INFO         |   androidboot.vbmeta.digest=2772b6de0284316122ffa1743bfa7958e65a191b2b8e1c89e4acd58c3de80a27
INFO         |   androidboot.vbmeta.hash_alg=sha256
INFO         |   androidboot.vbmeta.size=6784
INFO         |   androidboot.veritymode=enforcing
WHPX on Windows 10.0.19045 detected.
Windows Hypervisor Platform accelerator is operational
INFO         | Monitoring duration of emulator setup.
WARNING      | The emulator now requires a signed jwt token for gRPC access! Use the -grpc flag if you really want an open unprotected grpc port
INFO         | Using security allow list from: C:\Users\DANIE\AppData\Local\Android\Sdk\emulator\lib\emulator_access.json
INFO         | The active JSON Web Key Sets can be found here: C:\Users\DANIE\AppData\Local\Temp\avd\running\6584\jwks\c32a9203-8bec-4bc7-9489-4f7f0e676023\active.jwk
INFO         | Scanning C:\Users\DANIE\AppData\Local\Temp\avd\running\6584\jwks\c32a9203-8bec-4bc7-9489-4f7f0e676023 for jwk keys.
INFO         | Started GRPC server at 127.0.0.1:8554, security: Local, auth: +token
INFO         | Advertising in: C:\Users\DANIE\AppData\Local\Temp\avd\running\pid_6584.ini
INFO         | Activated packet streamer for bluetooth emulation
INFO         | Successfully initialized netsim WiFi
INFO         | Activated packet streamer for uwb emulation
INFO         | Setting display: 0 configuration to: 1080x2400, dpi: 420x420 
INFO         | setDisplayActiveConfig: id:0, 1080x2400
INFO         | Checking system compatibility:
INFO         |   Checking: hasCompatibleHypervisor
INFO         |      Ok: Hypervisor compatibility to run avd: `Medium_Phone` are met
INFO         |   Checking: hasSufficientSystem
INFO         |      Warning: Suggested minimum system RAM to run avd 'Medium_Phone' is 16384 MiB (available: 16328 MiB)
INFO         |   Checking: hasSufficientHwGpu
INFO         |      Ok: Hardware GPU compatibility checks are not required
INFO         |   Checking: hasSufficientDiskSpace
INFO         |      Ok: Disk space requirements to run avd: `Medium_Phone` are met
WARNING      | getEnvironmentConfig: No environment config is provided
INFO         | getEnvironmentConfig: Using default virtual scene mode for the environment.
INFO         | getEnvironmentConfig: Using default configuration for mode mesh3d for the environment.
INFO         | Initializing a scene with mode: mesh3d, argument: Toren1BD.obj
USER_INFO    | Emulator is performing a full startup. This may take upto two minutes, or more.
INFO         | Warning: QMetaObject::connectSlotsByName: No matching signal for on_rgbcSensorValueWidget_valueChanged() (:0, )
INFO         | Warning: QMetaObject::connectSlotsByName: No matching signal for on_posture_valueChanged(int) (:0, )
INFO         | TouchpadHolder: registering via hw_xr_led agent for instance=000001EC7705DEB0
INFO         | Warning: QObject::connect: Cannot queue arguments of type 'std::vector<android::emulation::control::SnapshotInfo>'
(Make sure 'std::vector<android::emulation::control::SnapshotInfo>' is registered using qRegisterMetaType().) (:0, )
INFO         | AVD supportsNativeGLES=1, supportsGuestAngle=1
INFO         | Guest Angle is still unstable for API > 35.
INFO         | Created extended window in 303.993ms
WARNING      | adb command 'C:\Users\DANIE\AppData\Local\Android\Sdk\platform-tools\adb.exe -s emulator-5554 shell getprop sys.boot_completed ' failed: 'adb.exe: device offline'
WARNING      | adb command 'C:\Users\DANIE\AppData\Local\Android\Sdk\platform-tools\adb.exe -s emulator-5554 shell getprop sys.boot_completed ' failed: 'adb.exe: device offline'
INFO         | Critical: UpdateLayeredWindowIndirect failed for ptDst=(574, -788), size=(375x26), dirty=(375x26 0, 0) (A device attached to the system is not functioning.) (:0, )
INFO         | Boot completed in 35665 ms
INFO         | Increasing screen off timeout, logcat buffer size to 2M.
INFO         | Critical: UpdateLayeredWindowIndirect failed for ptDst=(574, -788), size=(375x26), dirty=(375x26 0, 0) (A device attached to the system is not functioning.) (:0, )
INFO         | IPv4 server found: 192.168.101.1
INFO         | Ignore IPv6 address: d83b:6cc0:ec01:0:3030:6cc0:ec01:0
INFO         | Ignore IPv6 address: d83b:6cc0:ec01:0:3030:6cc0:ec01:0
INFO         | Ignore IPv6 address: d83b:6cc0:ec01:0:3030:6cc0:ec01:0
INFO         | Ignore IPv6 address: 42:6cc0:ec01:0:3030:6cc0:ec01:0
INFO         | Ignore IPv6 address: 42:6cc0:ec01:0:3030:6cc0:ec01:0
INFO         | Ignore IPv6 address: 42:6cc0:ec01:0:3030:6cc0:ec01:0
INFO         | IPv4 server found: 192.168.101.1
INFO         | Ignore IPv6 address: d83b:6cc0:ec01:0:3030:6cc0:ec01:0
INFO         | Ignore IPv6 address: d83b:6cc0:ec01:0:3030:6cc0:ec01:0
INFO         | Ignore IPv6 address: d83b:6cc0:ec01:0:3030:6cc0:ec01:0
INFO         | Ignore IPv6 address: 42:6cc0:ec01:0:3030:6cc0:ec01:0
INFO         | Ignore IPv6 address: 42:6cc0:ec01:0:3030:6cc0:ec01:0
INFO         | Ignore IPv6 address: 42:6cc0:ec01:0:3030:6cc0:ec01:0
INFO         | IPv4 server found: 192.168.101.1
INFO         | Ignore IPv6 address: d83b:6cc0:ec01:0:3030:6cc0:ec01:0
INFO         | Ignore IPv6 address: d83b:6cc0:ec01:0:3030:6cc0:ec01:0
INFO         | Ignore IPv6 address: d83b:6cc0:ec01:0:3030:6cc0:ec01:0
INFO         | Ignore IPv6 address: 42:6cc0:ec01:0:3030:6cc0:ec01:0
INFO         | Ignore IPv6 address: 42:6cc0:ec01:0:3030:6cc0:ec01:0
INFO         | Ignore IPv6 address: 42:6cc0:ec01:0:3030:6cc0:ec01:0
INFO         | Warning: Retrying to obtain clipboard. (:0, )
INFO         | Warning: Retrying to obtain clipboard. (:0, )
INFO         | Warning: Retrying to obtain clipboard. (:0, )
ERROR        | bad color buffer handle 960
INFO         | Created VkInstance:000001ECF928D9E0 for application:'' engine:''.
INFO         | Destroyed VkInstance:000001ECF928D9E0 for application:'' engine:''.
INFO         | Wait for emulator (pid 6584) 20 seconds to shutdown gracefully before kill;you can set environment variable ANDROID_EMULATOR_WAIT_TIME_BEFORE_KILL(in seconds) to change the default value (20 seconds)

INFO         | Saving with gfxstream=1
INFO         | Saving snapshot 'default_boot' using 1280 ms
INFO         | removeScene: scene=0x1ec78c106b0
INFO         | removeAll
WARNING      | Netsim Wifi dns:///localhost:50632 is gone due to Stream removed (CANCELLED)
